[STARTUP] ISA Toolkit function directories added to the MATLAB path.
[BUILD] Root directory: /tmp/tp65a5688c_759c_4721_8a01_b9b5d33885cc/
[BUILD] Loading metadata.csv.
[PRELIM] Calling PRELIM for data pre-processing.
[PRELIM] Calculating the binary measure of performance
[PRELIM] An algorithm is good if its performance is less than 0.2
[PRELIM] For 11% of the instances there is more than one best algorithm. Random selection is used to break ties.
[PRELIM] Auto-pre-processing.
[PRELIM] Removing extreme outliers from the feature values.
[PRELIM] Auto-normalizing the data using Box-Cox and Z transformations.
[BUILD] Using the complete set of the instances.
[PILOT] Calling PILOT to find the optimal projection.
[PILOT] PILOT is solving analytically the projection problem.
[PILOT] This won't take long.
[PILOT] PILOT has completed. The projection matrix A is:

  Columns 1 through 3

    {0×0 double}    {'Max_Normalized_E…'}    {'Normalized_Entro…'}
    {'Z_{1}'   }    {[           0.2211]}    {[           0.6780]}
    {'Z_{2}'   }    {[          -0.2749]}    {[          -1.1075]}

  Columns 4 through 6

    {'Mean_Mutual_Info…'}    {'ErrorRate_Decisi…'}    {'WeightedDist_Std…'}
    {[          -0.6521]}    {[           0.2765]}    {[           0.0069]}
    {[          -0.0062]}    {[          -0.2381]}    {[           0.2007]}

  Columns 7 through 9

    {'Max_Feature_Effi…'}    {'Collective_Featu…'}    {'Training_Error_L…'}
    {[          -0.2980]}    {[          -0.0749]}    {[           0.5626]}
    {[          -0.3230]}    {[          -0.2306]}    {[           0.0531]}

  Columns 10 through 11

    {'Fraction_Points_…'}    {'Nonlinearity_Nea…'}
    {[           1.6019]}    {[           0.3293]}
    {[          -0.2007]}    {[           0.3006]}

[CLOISTER] Finding empirical bounds using CLOISTER.
[CLOISTER] CLOISTER is using correlation to estimate a boundary for the space.
[CLOISTER] CLOISTER has completed.
[PYTHIA] Summoning PYTHIA to train the prediction models.
[PYTHIA] Initializing PYTHIA.
[PYTHIA] Not using cost-sensitive classification.
[PYTHIA] Classifier: knn | Tuning: sobol (2 evals) | CV: 5-fold.
[PYTHIA] Training has started. PYTHIA may take a while to complete...
[PYTHIA] PYTHIA trained 'NB'; 9 models left.
[PYTHIA] Elapsed time: 1.98s
[PYTHIA] PYTHIA trained 'LDA'; 8 models left.
[PYTHIA] Elapsed time: 0.29s
[PYTHIA] PYTHIA trained 'QDA'; 7 models left.
[PYTHIA] Elapsed time: 0.12s
[PYTHIA] PYTHIA trained 'CART'; 6 models left.
[PYTHIA] Elapsed time: 0.12s
[PYTHIA] PYTHIA trained 'J48'; 5 models left.
[PYTHIA] Elapsed time: 0.23s
[PYTHIA] PYTHIA trained 'KNN'; 4 models left.
[PYTHIA] Elapsed time: 0.08s
[PYTHIA] PYTHIA trained 'L_SVM'; 3 models left.
[PYTHIA] Elapsed time: 0.08s
[PYTHIA] PYTHIA trained 'poly_SVM'; 2 models left.
[PYTHIA] Elapsed time: 0.08s
[PYTHIA] PYTHIA trained 'RBF_SVM'; 1 model left.
[PYTHIA] Elapsed time: 0.09s
[PYTHIA] PYTHIA trained 'RandF'; no models left.
[PYTHIA] Elapsed time: 0.09s
[PYTHIA] PYTHIA training complete.
[PYTHIA] Average CV precision: 87.9%
[PYTHIA] Average CV accuracy : 84.9%
[PYTHIA] Completed in 3.2 s.
[PYTHIA] PYTHIA has completed! Performance of the models:

  Columns 1 through 3

    {'Algorithms '}    {'Avg_Perf_all_ins…'}    {'Std_Perf_all_ins…'}
    {'NB'         }    {[           0.1730]}    {[           0.1290]}
    {'LDA'        }    {[           0.2140]}    {[           0.2120]}
    {'QDA'        }    {[           0.3810]}    {[           0.2800]}
    {'CART'       }    {[           0.1360]}    {[           0.1170]}
    {'J48'        }    {[           0.1270]}    {[           0.1180]}
    {'KNN'        }    {[           0.1340]}    {[           0.1180]}
    {'L_SVM'      }    {[           0.1360]}    {[           0.1280]}
    {'poly_SVM'   }    {[           0.1970]}    {[           0.1450]}
    {'RBF_SVM'    }    {[           0.1350]}    {[           0.1270]}
    {'RandF'      }    {[           0.1600]}    {[           0.2010]}
    {'Oracle'     }    {[           0.0950]}    {[           0.0970]}
    {'Selector'   }    {[           0.1300]}    {[           0.1110]}

  Columns 4 through 6

    {'Probability_of_g…'}    {'Avg_Perf_selecte…'}    {'Std_Perf_selecte…'}
    {[           0.6080]}    {[           0.1040]}    {[           0.0830]}
    {[           0.6040]}    {[           0.1210]}    {[           0.1360]}
    {[           0.3540]}    {[           0.1740]}    {[           0.1830]}
    {[           0.7120]}    {[           0.0700]}    {[           0.0620]}
    {[           0.7260]}    {[           0.0620]}    {[           0.0680]}
    {[           0.7260]}    {[           0.0760]}    {[           0.0620]}
    {[           0.7120]}    {[           0.0710]}    {[           0.0790]}
    {[           0.5280]}    {[           0.0960]}    {[           0.0830]}
    {[           0.7080]}    {[           0.0690]}    {[           0.0570]}
    {[           0.6840]}    {[           0.1120]}    {[           0.1960]}
    {[                1]}    {0×0 double         }    {0×0 double         }
    {[           0.7450]}    {[           0.0900]}    {[           0.0760]}

  Columns 7 through 9

    {'CV_model_accuracy'}    {'CV_model_precisi…'}    {'CV_model_recall'}
    {[          81.1000]}    {[          82.5000]}    {[        87.6000]}
    {[          81.1000]}    {[          84.4000]}    {[        84.4000]}
    {[          77.4000]}    {[          68.5000]}    {[        66.7000]}
    {[          86.3000]}    {[          96.2000]}    {[        84.1000]}
    {[          84.9000]}    {[               93]}    {[        85.7000]}
    {[          93.4000]}    {[          95.5000]}    {[        95.5000]}
    {[          82.5000]}    {[          91.9000]}    {[        82.8000]}
    {[          84.9000]}    {[               87]}    {[        83.9000]}
    {[          91.5000]}    {[          93.4000]}    {[        94.7000]}
    {[          85.8000]}    {[          86.2000]}    {[        94.5000]}
    {0×0 double         }    {0×0 double         }    {0×0 double       }
    {0×0 double         }    {[          91.1000]}    {[        47.4000]}

  Columns 10 through 11

    {'NumNeighbors'}    {'Distance' }
    {[           5]}    {'cosine'   }
    {[           6]}    {'cityblock'}
    {[           5]}    {'cityblock'}
    {[          12]}    {'cosine'   }
    {[           6]}    {'cosine'   }
    {[           3]}    {'euclidean'}
    {[          17]}    {'cosine'   }
    {[          17]}    {'cosine'   }
    {[           6]}    {'euclidean'}
    {[          24]}    {'euclidean'}
    {0×0 double    }    {0×0 double }
    {0×0 double    }    {0×0 double }

[TRACE] Calling TRACE to perform the footprint analysis.
[TRACE] TRACE3 is calculating the space area and density.
[TRACE] Space Area: 69.5201 | Space density: 3.0495
[TRACE] TRACE3 is calculating the algorithm footprints.
[TRACE] Good performance footprint for 'RandF'
[TRACE] Best performance footprint for 'RandF'
[TRACE] Algorithm 'RandF' completed. Elapsed time: 0.01s
[TRACE] Good performance footprint for 'RBF_SVM'
[TRACE] Best performance footprint for 'RBF_SVM'
[TRACE] Algorithm 'RBF_SVM' completed. Elapsed time: 0.04s
[TRACE] Good performance footprint for 'poly_SVM'
[TRACE] Best performance footprint for 'poly_SVM'
[TRACE] There are not enough instances to calculate a footprint.
[TRACE] Algorithm 'poly_SVM' completed. Elapsed time: 0.01s
[TRACE] Good performance footprint for 'L_SVM'
[TRACE] Best performance footprint for 'L_SVM'
[TRACE] Algorithm 'L_SVM' completed. Elapsed time: 0.02s
[TRACE] Good performance footprint for 'KNN'
[TRACE] Best performance footprint for 'KNN'
[TRACE] There are not enough instances to calculate a footprint.
[TRACE] Algorithm 'KNN' completed. Elapsed time: 0.05s
[TRACE] Good performance footprint for 'J48'
[TRACE] Best performance footprint for 'J48'
[TRACE] Algorithm 'J48' completed. Elapsed time: 0.02s
[TRACE] Good performance footprint for 'CART'
[TRACE] Best performance footprint for 'CART'
[TRACE] Algorithm 'CART' completed. Elapsed time: 0.04s
[TRACE] Good performance footprint for 'QDA'
[TRACE] Best performance footprint for 'QDA'
[TRACE] There are not enough instances to calculate a footprint.
[TRACE] Algorithm 'QDA' completed. Elapsed time: 0.00s
[TRACE] Good performance footprint for 'LDA'
[TRACE] Best performance footprint for 'LDA'
[TRACE] There are not enough instances to calculate a footprint.
[TRACE] Algorithm 'LDA' completed. Elapsed time: 0.02s
[TRACE] Good performance footprint for 'NB'
[TRACE] Best performance footprint for 'NB'
[TRACE] There are not enough instances to calculate a footprint.
[TRACE] Algorithm 'NB' completed. Elapsed time: 0.04s
[TRACE] TRACE3 is calculating the beta-footprint.
[TRACE] Preparing the summary table.
[TRACE] TRACE3 has completed. Footprint analysis results:

  Columns 1 through 4

    {0×0 double}    {'Area_Good'}    {'Area_Good_Normal…'}    {'Density_Good'}
    {'NB'      }    {[  30.8770]}    {[           0.4440]}    {[      4.6640]}
    {'LDA'     }    {[  26.9690]}    {[           0.3880]}    {[      4.7460]}
    {'QDA'     }    {[  12.9050]}    {[           0.1860]}    {[      5.6570]}
    {'CART'    }    {[  29.7200]}    {[           0.4270]}    {[      4.4420]}
    {'J48'     }    {[  30.7530]}    {[           0.4420]}    {[      4.4870]}
    {'KNN'     }    {[  33.5270]}    {[           0.4820]}    {[      4.7130]}
    {'L_SVM'   }    {[  27.8570]}    {[           0.4010]}    {[      4.6310]}
    {'poly_SVM'}    {[  21.9130]}    {[           0.3150]}    {[      4.7460]}
    {'RBF_SVM' }    {[  30.3750]}    {[           0.4370]}    {[      4.8070]}
    {'RandF'   }    {[  31.1690]}    {[           0.4480]}    {[      4.7800]}

  Columns 5 through 7

    {'Density_Good_Nor…'}    {'Purity_Good'}    {'Area_Best'}
    {[           1.5290]}    {[     0.8400]}    {[        0]}
    {[           1.5560]}    {[     0.8980]}    {[        0]}
    {[           1.8550]}    {[     0.8360]}    {[        0]}
    {[           1.4560]}    {[     0.9850]}    {[   0.9870]}
    {[           1.4720]}    {[     0.9930]}    {[   4.4890]}
    {[           1.5450]}    {[     0.9560]}    {[        0]}
    {[           1.5190]}    {[     0.9840]}    {[   4.1610]}
    {[           1.5560]}    {[     0.9130]}    {[        0]}
    {[           1.5760]}    {[     0.9730]}    {[   0.9660]}
    {[           1.5680]}    {[     0.9190]}    {[  11.8450]}

  Columns 8 through 10

    {'Area_Best_Normal…'}    {'Density_Best'}    {'Density_Best_Nor…'}
    {[                0]}    {[           0]}    {[                0]}
    {[                0]}    {[           0]}    {[                0]}
    {[                0]}    {[           0]}    {[                0]}
    {[           0.0140]}    {[      6.0810]}    {[           1.9940]}
    {[           0.0650]}    {[      5.7920]}    {[           1.8990]}
    {[                0]}    {[           0]}    {[                0]}
    {[           0.0600]}    {[      6.2480]}    {[           2.0490]}
    {[                0]}    {[           0]}    {[                0]}
    {[           0.0140]}    {[      8.2820]}    {[           2.7160]}
    {[           0.1700]}    {[      6.3320]}    {[           2.0760]}

  Column 11

    {'Purity_Best'}
    {[          0]}
    {[          0]}
    {[          0]}
    {[     0.6670]}
    {[     0.6920]}
    {[          0]}
    {[     0.6150]}
    {[          0]}
    {[     0.7500]}
    {[     0.6930]}

[BUILD] Storing the raw MATLAB results for post-processing and/or debugging.
[BUILD] Completed in 8.9 s.
ISAmigrateModel: inferred completedStages = {prelim, sifted, pilot, cloister, pythia, trace} from present model sub-structs.
[EXPLORE] Root directory: /tmp/tp65a5688c_759c_4721_8a01_b9b5d33885cc/
[EXPLORE] Loading metadata_test.csv.
[EXPLORE] Calculating the binary measure of performance.
[PRELIM] Calculating the binary measure of performance
[PRELIM] An algorithm is good if its performance is less than 0.2
[PRELIM] For 11% of the instances there is more than one best algorithm. Random selection is used to break ties.
[PRELIM] Auto-pre-processing.
[PRELIM] Removing extreme outliers from the feature values.
[Warning: 9.8% of test instances were clipped to the training feature bounds;
they may be outside the training distribution. Consider retraining with a
combined dataset.] 
[> In PRELIM (line 167)
In InstanceSpace.evaluateTestSet (line 877)
In InstanceSpace/explore (line 287)
In isa_review_smoke (line 5)] 
[PRELIM] Auto-normalizing the data using Box-Cox and Z transformations.
[PYTHIA] PYTHIA has completed! Performance of the models:

  Columns 1 through 3

    {'Algorithms '}    {'Avg_Perf_all_ins…'}    {'Std_Perf_all_ins…'}
    {'NB'         }    {[           0.1730]}    {[           0.1300]}
    {'LDA'        }    {[           0.2050]}    {[           0.2060]}
    {'QDA'        }    {[           0.3790]}    {[           0.2790]}
    {'CART'       }    {[           0.1360]}    {[           0.1180]}
    {'J48'        }    {[           0.1270]}    {[           0.1180]}
    {'KNN'        }    {[           0.1310]}    {[           0.1180]}
    {'L_SVM'      }    {[           0.1340]}    {[           0.1270]}
    {'poly_SVM'   }    {[           0.1950]}    {[           0.1450]}
    {'RBF_SVM'    }    {[           0.1330]}    {[           0.1270]}
    {'RandF'      }    {[           0.1540]}    {[           0.1960]}
    {'Oracle'     }    {[           0.0930]}    {[           0.0980]}
    {'Selector'   }    {[           0.1340]}    {[           0.1170]}

  Columns 4 through 6

    {'Probability_of_g…'}    {'Avg_Perf_selecte…'}    {'Std_Perf_selecte…'}
    {[           0.5960]}    {[           0.1050]}    {[           0.0870]}
    {[           0.6300]}    {[           0.1180]}    {[           0.1310]}
    {[           0.3570]}    {[           0.1840]}    {[           0.1970]}
    {[           0.7230]}    {[           0.0720]}    {[           0.0630]}
    {[           0.7360]}    {[           0.0630]}    {[           0.0670]}
    {[           0.7400]}    {[           0.0760]}    {[           0.0620]}
    {[           0.7230]}    {[           0.0700]}    {[           0.0770]}
    {[           0.5320]}    {[           0.0940]}    {[           0.0830]}
    {[           0.7280]}    {[           0.0690]}    {[           0.0570]}
    {[           0.7060]}    {[           0.1060]}    {[           0.1860]}
    {[                1]}    {0×0 double         }    {0×0 double         }
    {[           0.7490]}    {[           0.0910]}    {[           0.0750]}

  Columns 7 through 9

    {'CV_model_accuracy'}    {'CV_model_precisi…'}    {'CV_model_recall'}
    {[          82.6000]}    {[          84.6000]}    {[        86.4000]}
    {[          85.1000]}    {[               89]}    {[        87.2000]}
    {[          83.8000]}    {[          75.6000]}    {[             81]}
    {[          86.8000]}    {[          95.4000]}    {[        85.9000]}
    {[          87.2000]}    {[          96.1000]}    {[        86.1000]}
    {[          94.5000]}    {[               96]}    {[        96.6000]}
    {[          83.4000]}    {[          93.4000]}    {[        82.9000]}
    {[          85.5000]}    {[          87.6000]}    {[        84.8000]}
    {[          93.2000]}    {[               97]}    {[        93.6000]}
    {[          88.1000]}    {[          88.8000]}    {[        95.2000]}
    {0×0 double         }    {0×0 double         }    {0×0 double       }
    {0×0 double         }    {[          91.5000]}    {[        47.5000]}

[TRACE] TRACE is evaluating trained footprints on new instances.
[TRACE] Evaluation complete.
[EXPLORE] Completed in 0.5 s.
REVIEW_SMOKE train_rows=212 test_rows=235 classifiers=10 finite_train_Z=1 finite_test_Z=1
